[Licensing::Module] Trying to connect to existing licensing client channel...
Built from '6000.3/staging' branch; Version is '6000.3.14f1 (d68c3f99a318) revision 14060607'; Using compiler version '194234433'; Build Type 'Release'
[Licensing::IpcConnector] Successfully connected to: "LicenseClient-hoang" at "2026-09-17T04:45:37.4101231Z"
OS: 'Windows 11  (10.0.26200) CoreSingleLanguage' Language: 'en' Physical Memory: 16088 MB
BatchMode: 1, IsHumanControllingUs: 0, StartBugReporterOnCrash: 0, Is64bit: 1
System  architecture: x64
Process architecture: x64
Date: 2026-09-17T04:45:37Z
[Licensing::Client] Code 10 while verifying Licensing Client signature (process Id: 26480, path: "C:/Program Files/Unity Hub/UnityLicensingClient_V1/Unity.Licensing.Client.exe")
[Licensing::Module] LicensingClient has failed validation; ignoring
[Licensing::Client] Handshaking with LicensingClient:
  Version:                 1.18.3+d7ffd15
  Session Id:              5ed01da0243b4d87bad3f125b0bada83
  Correlation Id:          3d06496d77b22a500b94889f60511e4d
  External correlation Id: 6544830930596871798
  Machine Id:              wybTnBWtXn/rAE6w7mmF1TWCjmk=
[Licensing::Module] Successfully connected to LicensingClient on channel: "LicenseClient-hoang" (connect: 0.00s, validation: 0.03s, handshake: 0.04s)
[Licensing::IpcConnector] Successfully connected to: "LicenseClient-hoang-notifications" at "2026-09-17T04:45:37.4886758Z"
[Licensing::Module] Licensing Background thread has ended after 0.08s

COMMAND LINE ARGUMENTS:
C:\Program Files\Unity\Hub\Editor\6000.3.14f1\Editor\Unity.exe
-adb2
-batchMode
-noUpm
-name
AssetImportWorker0
-projectPath
D:/DiscordGameTeam/DiscordGameTeam/HorrorHotel
-logFile
Logs/AssetImportWorker0.log
-srvPort
58462
-licensingIpc
LicenseClient-hoang
-job-worker-count
11
-background-job-worker-count
8
-gc-helper-count
1
-name
AssetImport
Successfully changed project path to: D:/DiscordGameTeam/DiscordGameTeam/HorrorHotel
D:/DiscordGameTeam/DiscordGameTeam/HorrorHotel
[UnityMemory] Configuration Parameters - Can be set up in boot.config
    "memorysetup-temp-allocator-size-nav-mesh-worker=65536"
    "memorysetup-temp-allocator-size-audio-worker=65536"
    "memorysetup-temp-allocator-size-gfx=262144"
    "memorysetup-allocator-temp-initial-block-size-main=262144"
    "memorysetup-allocator-temp-initial-block-size-worker=262144"
    "memorysetup-temp-allocator-size-background-worker=32768"
    "memorysetup-temp-allocator-size-job-worker=262144"
    "memorysetup-temp-allocator-size-preload-manager=33554432"
    "memorysetup-temp-allocator-size-gi-baking-worker=262144"
    "memorysetup-temp-allocator-size-gi-baking-worker=262144"
    "memorysetup-temp-allocator-size-gi-baking-worker=262144"
    "memorysetup-temp-allocator-size-gi-baking-worker=262144"
    "memorysetup-temp-allocator-size-gi-baking-worker=262144"
    "memorysetup-bucket-allocator-granularity=16"
    "memorysetup-bucket-allocator-bucket-count=8"
    "memorysetup-bucket-allocator-block-size=33554432"
    "memorysetup-bucket-allocator-block-count=8"
    "memorysetup-main-allocator-block-size=16777216"
    "memorysetup-thread-allocator-block-size=16777216"
    "memorysetup-gfx-main-allocator-block-size=16777216"
    "memorysetup-gfx-thread-allocator-block-size=16777216"
    "memorysetup-cache-allocator-block-size=4194304"
    "memorysetup-typetree-allocator-block-size=2097152"
    "memorysetup-profiler-bucket-allocator-granularity=16"
    "memorysetup-profiler-bucket-allocator-bucket-count=8"
    "memorysetup-profiler-bucket-allocator-block-size=33554432"
    "memorysetup-profiler-bucket-allocator-block-count=8"
    "memorysetup-profiler-allocator-block-size=16777216"
    "memorysetup-profiler-editor-allocator-block-size=1048576"
    "memorysetup-temp-allocator-size-main=16777216"
    "memorysetup-job-temp-allocator-block-size=2097152"
    "memorysetup-job-temp-allocator-block-size-background=1048576"
    "memorysetup-job-temp-allocator-reduction-small-platforms=262144"
    "memorysetup-temp-allocator-size-cloud-worker=32768"
Player connection [25532]  Target information:

Player connection [25532]  * "[IP] 26.207.16.33 [Port] 0 [Flags] 2 [Guid] 3726341722 [EditorId] 3726341722 [Version] 1048832 [Id] WindowsEditor(7,MSI) [Debug] 1 [PackageName] WindowsEditor [ProjectName] Editor" 

Player connection [25532]  * "[IP] 192.168.25.5 [Port] 0 [Flags] 2 [Guid] 3726341722 [EditorId] 3726341722 [Version] 1048832 [Id] WindowsEditor(7,MSI) [Debug] 1 [PackageName] WindowsEditor [ProjectName] Editor" 

Player connection [25532] Host joined multi-casting on [225.0.0.222:54997]...
Player connection [25532] Host joined alternative multi-casting on [225.0.0.222:34997]...
JobSystem: Creating JobQueue using job-worker-count value 11
Input System module state changed to: Initialized.
[Physics::Module] Initialized fallback backend.
[Physics::Module] Id: 0xdecafbad
Library Redirect Path: Library/
[Physics::Module] Selected backend.
[Physics::Module] Name: PhysX
[Physics::Module] Id: 0xf2b8ea05
[Physics::Module] SDK Version: 4.1.2
[Physics::Module] Integration Version: 1.0.0
[Physics::Module] Threading Mode: Multi-Threaded
Refreshing native plugins compatible for Editor in 5.32 ms, found 4 plugins.
Preloading 0 native plugins for Editor in 0.00 ms.
Initialize engine version: 6000.3.14f1 (d68c3f99a318)
[Subsystems] Discovering subsystems at path C:/Program Files/Unity/Hub/Editor/6000.3.14f1/Editor/Data/Resources/UnitySubsystems
[Subsystems] Discovering subsystems at path D:/DiscordGameTeam/DiscordGameTeam/HorrorHotel/Assets
GfxDevice: creating device client; kGfxThreadingModeNonThreaded
Direct3D:
    Version:  Direct3D 11.0 [level 11.1]
    Renderer: NVIDIA GeForce RTX 4070 Laptop GPU (ID=0x2820)
    Vendor:   NVIDIA
    VRAM:     7948 MB
    Driver:   32.0.16.1692
Initialize mono
Mono path[0] = 'C:/Program Files/Unity/Hub/Editor/6000.3.14f1/Editor/Data/Managed'
Mono path[1] = 'C:/Program Files/Unity/Hub/Editor/6000.3.14f1/Editor/Data/MonoBleedingEdge/lib/mono/unityjit-win32'
Mono config path = 'C:/Program Files/Unity/Hub/Editor/6000.3.14f1/Editor/Data/MonoBleedingEdge/etc'
Using monoOptions --debugger-agent=transport=dt_socket,embedding=1,server=y,suspend=n,address=127.0.0.1:56004
Begin MonoManager ReloadAssembly
Registering precompiled unity dll's ...
Register platform support module: C:/Program Files/Unity/Hub/Editor/6000.3.14f1/Editor/Data/PlaybackEngines/WindowsStandaloneSupport/UnityEditor.WindowsStandalone.Extensions.dll
Registered in 0.000829 seconds.
- Loaded All Assemblies, in  0.281 seconds
Native extension for WindowsStandalone target not found
Package Manager log level set to [2]
[Package Manager] Failed to launch server process. Reason: Unity was launched with the -noUpm command-line argument
[Package Manager] Unable to send message (not connected to server process).
[Package Manager] Cannot connect to Unity Package Manager local server
ScheduleIndexationOnStartup MainProcess:False IndexOnStartup:True
Mono: successfully reloaded assembly
- Finished resetting the current domain, in  0.280 seconds
Domain Reload Profiling: 560ms
	BeginReloadAssembly (90ms)
		ExecutionOrderSort (0ms)
		DisableScriptedObjects (0ms)
		BackupInstance (0ms)
		ReleaseScriptingObjects (0ms)
		CreateAndSetChildDomain (1ms)
	RebuildCommonClasses (27ms)
	RebuildNativeTypeToScriptingClass (9ms)
	initialDomainReloadingComplete (31ms)
	LoadAllAssembliesAndSetupDomain (123ms)
		LoadAssemblies (88ms)
		RebuildTransferFunctionScriptingTraits (0ms)
		AnalyzeDomain (121ms)
			TypeCache.Refresh (119ms)
				TypeCache.ScanAssembly (110ms)
			BuildScriptInfoCaches (0ms)
			ResolveRequiredComponents (0ms)
	FinalizeReload (280ms)
		ReleaseScriptCaches (0ms)
		RebuildScriptCaches (0ms)
		SetupLoadedEditorAssemblies (255ms)
			LogAssemblyErrors (0ms)
			InitializePlatformSupportModulesInManaged (33ms)
			SetLoadedEditorAssemblies (3ms)
			BeforeProcessingInitializeOnLoad (59ms)
			ProcessInitializeOnLoadAttributes (97ms)
			ProcessInitializeOnLoadMethodAttributes (63ms)
			AfterProcessingInitializeOnLoad (0ms)
			EditorAssembliesLoaded (0ms)
		ExecutionOrderSort2 (0ms)
		AwakeInstancesAfterBackupRestoration (0ms)
Assembly reference Packages/com.unity.cinemachine/Editor/Samples/ExposeHDRPInternals/HDRP-Editor-ref.asmref has no target assembly definition
========================================================================
Worker process is ready to serve import requests
Import Worker Mode flag is 0x00
Assembly reference Packages/com.unity.cinemachine/Editor/Samples/ExposeHDRPInternals/HDRP-Editor-ref.asmref has no target assembly definition
Assembly reference Packages/com.unity.cinemachine/Editor/Samples/ExposeHDRPInternals/HDRP-Editor-ref.asmref has no target assembly definition
Begin MonoManager ReloadAssembly
[Licensing::Client] Successfully resolved entitlement details
[Licensing::Module] License group:
  Id: 18968208526258-UnityPersXXXX
  Product: Unity Personal
  Type: Assigned
  Expiration: Unlimited
Symbol file LoadedFromMemory is not a mono symbol file
- Loaded All Assemblies, in  0.761 seconds
Assembly reference Packages/com.unity.cinemachine/Editor/Samples/ExposeHDRPInternals/HDRP-Editor-ref.asmref has no target assembly definition
'Packages/com.unity.cinemachine/Editor/Obsolete/CinemachineVirtualCameraBaseEditor.cs' contains partial class of Unity.Object, exactly 1 of the partial classes needs to be in a file with the same filename. This is to know the one that can be referenced from ie. GameObjects
'Packages/com.unity.cinemachine/Editor/Editors/CinemachineVirtualCameraBaseEditor.cs' contains partial class of Unity.Object, exactly 1 of the partial classes needs to be in a file with the same filename. This is to know the one that can be referenced from ie. GameObjects
Refreshing native plugins compatible for Editor in 0.95 ms, found 4 plugins.
Native extension for WindowsStandalone target not found
Assembly reference Packages/com.unity.cinemachine/Editor/Samples/ExposeHDRPInternals/HDRP-Editor-ref.asmref has no target assembly definition
[Package Manager] Failed to launch server process. Reason: Unity was launched with the -noUpm command-line argument
[Package Manager] Unable to send message (not connected to server process).
[Package Manager] Cannot connect to Unity Package Manager local server
[MODES] ModeService[none].Initialize
[MODES] ModeService[none].LoadModes
[MODES] Loading mode Default (0) for mode-current-id-HorrorHotel
[Package Manager] Failed to launch server process. Reason: Unity was launched with the -noUpm command-line argument
[Package Manager] Unable to send message (not connected to server process).
[Package Manager] Cannot connect to Unity Package Manager local server
[Package Manager] Failed to launch server process. Reason: Unity was launched with the -noUpm command-line argument
[Package Manager] Unable to send message (not connected to server process).
[Package Manager] Cannot connect to Unity Package Manager local server
Refreshing native plugins compatible for Editor in 0.99 ms, found 4 plugins.
Launched and connected shader compiler UnityShaderCompiler.exe after 0.01 seconds
ScheduleIndexationOnStartup MainProcess:False IndexOnStartup:True
Mono: successfully reloaded assembly
- Finished resetting the current domain, in  1.164 seconds
Domain Reload Profiling: 1923ms
	BeginReloadAssembly (134ms)
		ExecutionOrderSort (0ms)
		DisableScriptedObjects (4ms)
		BackupInstance (0ms)
		ReleaseScriptingObjects (0ms)
		CreateAndSetChildDomain (20ms)
	RebuildCommonClasses (29ms)
	RebuildNativeTypeToScriptingClass (10ms)
	initialDomainReloadingComplete (32ms)
	LoadAllAssembliesAndSetupDomain (554ms)
		LoadAssemblies (353ms)
		RebuildTransferFunctionScriptingTraits (0ms)
		AnalyzeDomain (273ms)
			TypeCache.Refresh (195ms)
				TypeCache.ScanAssembly (178ms)
			BuildScriptInfoCaches (65ms)
			ResolveRequiredComponents (10ms)
	FinalizeReload (1164ms)
		ReleaseScriptCaches (0ms)
		RebuildScriptCaches (0ms)
		SetupLoadedEditorAssemblies (994ms)
			LogAssemblyErrors (0ms)
			InitializePlatformSupportModulesInManaged (1ms)
			SetLoadedEditorAssemblies (3ms)
			BeforeProcessingInitializeOnLoad (110ms)
			ProcessInitializeOnLoadAttributes (658ms)
			ProcessInitializeOnLoadMethodAttributes (218ms)
			AfterProcessingInitializeOnLoad (3ms)
			EditorAssembliesLoaded (0ms)
		ExecutionOrderSort2 (0ms)
		AwakeInstancesAfterBackupRestoration (4ms)
WARNING: Shader Unsupported: 'Hidden/Builtin_TerrainVisualization' - All subshaders removed
WARNING: Shader Did you use #pragma only_renderers and omit this platform?
WARNING: Shader If subshaders removal was intentional, you may have forgotten turning Fallback off?
WARNING: Shader Unsupported: 'Hidden/Builtin_TerrainVisualization' - All subshaders removed
WARNING: Shader Did you use #pragma only_renderers and omit this platform?
WARNING: Shader If subshaders removal was intentional, you may have forgotten turning Fallback off?
Refreshing native plugins compatible for Editor in 2.16 ms, found 4 plugins.
Preloading 0 native plugins for Editor in 0.00 ms.
Unloading 41 Unused Serialized files (Serialized files now loaded: 0)
Unloading 7779 unused Assets / (7.7 MB). Loaded Objects now: 8711.
Memory consumption went from 183.7 MB to 176.0 MB.
Total: 35.594200 ms (FindLiveObjects: 0.915800 ms CreateObjectMapping: 0.706700 ms MarkObjects: 29.773500 ms  DeleteObjects: 4.197100 ms)

========================================================================
Received Import Request.
  Time since last request: 40982.658296 seconds.
  path: Assets/Arts/Scenes/XuongMay.unity
  artifactKey: Guid(fc5b67cb225e25e46b51e0f415eaa1ab) Importer(2089858483,b0f066a214c2f5e87bad3c948f4d605d)
Start importing Assets/Arts/Scenes/XuongMay.unity using Guid(fc5b67cb225e25e46b51e0f415eaa1ab) Importer(2089858483,b0f066a214c2f5e87bad3c948f4d605d) (ScriptedImporter) -> (artifact id: '98283f2d30c30b9cdc0abc80d72d828c') in 0.0907736 seconds
Number of updated asset objects reloaded before import = 0Number of asset objects unloaded after import = 1

========================================================================
Received Import Request.
  Time since last request: 0.000030 seconds.
  path: Assets/Arts/Scenes/XuongMay/Global Volume Profile.asset
  artifactKey: Guid(95330c8cea5550046acf1af61b19e7b4) Importer(2089858483,b0f066a214c2f5e87bad3c948f4d605d)
Start importing Assets/Arts/Scenes/XuongMay/Global Volume Profile.asset using Guid(95330c8cea5550046acf1af61b19e7b4) Importer(2089858483,b0f066a214c2f5e87bad3c948f4d605d) (ScriptedImporter) -> (artifact id: 'e124167bd9928fc89a69ac2fa9d0b750') in 0.021204 seconds
Number of updated asset objects reloaded before import = 0Number of asset objects unloaded after import = 5

========================================================================
Received Import Request.
  Time since last request: 14.991261 seconds.
  path: Assets/Arts/Scenes/XuongMay.unity
  artifactKey: Guid(fc5b67cb225e25e46b51e0f415eaa1ab) Importer(2089858483,b0f066a214c2f5e87bad3c948f4d605d)
Start importing Assets/Arts/Scenes/XuongMay.unity using Guid(fc5b67cb225e25e46b51e0f415eaa1ab) Importer(2089858483,b0f066a214c2f5e87bad3c948f4d605d) (ScriptedImporter) -> (artifact id: '7eff341c6e6d5f9a9a14ee2e3d03c9f4') in 0.0039528 seconds
Number of updated asset objects reloaded before import = 0Number of asset objects unloaded after import = 1

========================================================================
Received Import Request.
  Time since last request: 14.370330 seconds.
  path: Assets/Arts/SM/SM_MayMay_CB_001.fbx
  artifactKey: Guid(514b9a8e6c9adcf4f83ff0c185392e79) Importer(815301076,1909f56bfc062723c751e8b465ee728b)
Start importing Assets/Arts/SM/SM_MayMay_CB_001.fbx using Guid(514b9a8e6c9adcf4f83ff0c185392e79) Importer(815301076,1909f56bfc062723c751e8b465ee728b) (PreviewImporter) -> (artifact id: '598746704d6524563826ac8b6b472fb6') in 0.4087237 seconds
Number of updated asset objects reloaded before import = 0Number of asset objects unloaded after import = 8

========================================================================
Received Import Request.
  Time since last request: 0.550800 seconds.
  path: Assets/Arts/SM/SM_MayMay_CB_001.fbx
  artifactKey: Guid(514b9a8e6c9adcf4f83ff0c185392e79) Importer(2089858483,b0f066a214c2f5e87bad3c948f4d605d)
Start importing Assets/Arts/SM/SM_MayMay_CB_001.fbx using Guid(514b9a8e6c9adcf4f83ff0c185392e79) Importer(2089858483,b0f066a214c2f5e87bad3c948f4d605d) (ScriptedImporter) -> (artifact id: 'db53500aa1f2317aff3356dfe3b11027') in 0.047252 seconds
Number of updated asset objects reloaded before import = 0Number of asset objects unloaded after import = 8

========================================================================
Received Import Request.
  Time since last request: 55.169981 seconds.
  path: Assets/Arts/MAT/MAT_MayMay.mat
  artifactKey: Guid(6b3dd4ec6317bb140919d7d3c2db266a) Importer(815301076,1909f56bfc062723c751e8b465ee728b)
Start importing Assets/Arts/MAT/MAT_MayMay.mat using Guid(6b3dd4ec6317bb140919d7d3c2db266a) Importer(815301076,1909f56bfc062723c751e8b465ee728b) (PreviewImporter) -> (artifact id: '7e076a973a4b1cdc3d5c2e1061bcb5a3') in 0.0118464 seconds
Number of updated asset objects reloaded before import = 0Number of asset objects unloaded after import = 1

========================================================================
Received Import Request.
  Time since last request: 0.941341 seconds.
  path: Assets/Arts/MAT/MAT_MayMay.mat
  artifactKey: Guid(6b3dd4ec6317bb140919d7d3c2db266a) Importer(2089858483,b0f066a214c2f5e87bad3c948f4d605d)
Start importing Assets/Arts/MAT/MAT_MayMay.mat using Guid(6b3dd4ec6317bb140919d7d3c2db266a) Importer(2089858483,b0f066a214c2f5e87bad3c948f4d605d) (ScriptedImporter) -> (artifact id: 'dbdcbd3721051db3d19a2fd93eb85822') in 0.0066019 seconds
Number of updated asset objects reloaded before import = 0Number of asset objects unloaded after import = 1

========================================================================
Received Import Request.
  Time since last request: 13.610782 seconds.
  path: Assets/Arts/Tex/Map2/MergedBake_Bake1_PBR_PackedTex.png
  artifactKey: Guid(4c7d3b9bdfc2ca4439f537b5802ab543) Importer(815301076,1909f56bfc062723c751e8b465ee728b)
Start importing Assets/Arts/Tex/Map2/MergedBake_Bake1_PBR_PackedTex.png using Guid(4c7d3b9bdfc2ca4439f537b5802ab543) Importer(815301076,1909f56bfc062723c751e8b465ee728b) (PreviewImporter) -> (artifact id: 'c230b1e6ea9b673db7bbcbbe6f5e8012') in 0.0324372 seconds
Number of updated asset objects reloaded before import = 0Number of asset objects unloaded after import = 2

========================================================================
Received Import Request.
  Time since last request: 0.960727 seconds.
  path: Assets/Arts/Tex/Map2/MergedBake_Bake1_PBR_PackedTex.png
  artifactKey: Guid(4c7d3b9bdfc2ca4439f537b5802ab543) Importer(2089858483,b0f066a214c2f5e87bad3c948f4d605d)
Start importing Assets/Arts/Tex/Map2/MergedBake_Bake1_PBR_PackedTex.png using Guid(4c7d3b9bdfc2ca4439f537b5802ab543) Importer(2089858483,b0f066a214c2f5e87bad3c948f4d605d) (ScriptedImporter) -> (artifact id: '12c285ba4e932a88e0971bc09ee32df3') in 0.0257925 seconds
Number of updated asset objects reloaded before import = 0Number of asset objects unloaded after import = 1

========================================================================
Received Import Request.
  Time since last request: 0.600364 seconds.
  path: Assets/Arts/Tex/Map2/PX_MergedBake_Bake1_PBR_PackedTex.png
  artifactKey: Guid(7c3b6ad8e3b9b7e43a1e11490107eca9) Importer(815301076,1909f56bfc062723c751e8b465ee728b)
Start importing Assets/Arts/Tex/Map2/PX_MergedBake_Bake1_PBR_PackedTex.png using Guid(7c3b6ad8e3b9b7e43a1e11490107eca9) Importer(815301076,1909f56bfc062723c751e8b465ee728b) (PreviewImporter) -> (artifact id: '182238edacbe9d3a486b82dbbbfd1662') in 0.0083463 seconds
Number of updated asset objects reloaded before import = 0Number of asset objects unloaded after import = 2

========================================================================
Received Import Request.
  Time since last request: 1.030663 seconds.
  path: Assets/Arts/Tex/Map2/PX_MergedBake_Bake1_PBR_PackedTex.png
  artifactKey: Guid(7c3b6ad8e3b9b7e43a1e11490107eca9) Importer(2089858483,b0f066a214c2f5e87bad3c948f4d605d)
Start importing Assets/Arts/Tex/Map2/PX_MergedBake_Bake1_PBR_PackedTex.png using Guid(7c3b6ad8e3b9b7e43a1e11490107eca9) Importer(2089858483,b0f066a214c2f5e87bad3c948f4d605d) (ScriptedImporter) -> (artifact id: 'd93eb5a0bf42cb3e5a4394a57d747b77') in 0.0068858 seconds
Number of updated asset objects reloaded before import = 0Number of asset objects unloaded after import = 1

========================================================================
Received Import Request.
  Time since last request: 23.922067 seconds.
  path: Assets/Arts/Tex/Map2/MayMay.mat
  artifactKey: Guid(058aae16eb6f2234398525cfccd39cec) Importer(815301076,1909f56bfc062723c751e8b465ee728b)
Start importing Assets/Arts/Tex/Map2/MayMay.mat using Guid(058aae16eb6f2234398525cfccd39cec) Importer(815301076,1909f56bfc062723c751e8b465ee728b) (PreviewImporter) -> (artifact id: 'c8414df320e808af9f7e572adcaca111') in 0.0170567 seconds
Number of updated asset objects reloaded before import = 0Number of asset objects unloaded after import = 1

========================================================================
Received Import Request.
  Time since last request: 0.937827 seconds.
  path: Assets/Arts/Tex/Map2/MayMay.mat
  artifactKey: Guid(058aae16eb6f2234398525cfccd39cec) Importer(2089858483,b0f066a214c2f5e87bad3c948f4d605d)
Start importing Assets/Arts/Tex/Map2/MayMay.mat using Guid(058aae16eb6f2234398525cfccd39cec) Importer(2089858483,b0f066a214c2f5e87bad3c948f4d605d) (ScriptedImporter) -> (artifact id: '2b52dcc86a38f6be388c8e623c3c3932') in 0.0059488 seconds
Number of updated asset objects reloaded before import = 0Number of asset objects unloaded after import = 1

========================================================================
Received Import Request.
  Time since last request: 59.312962 seconds.
  path: Assets/Arts/SM/SM_MayMay_CB_001.fbx
  artifactKey: Guid(514b9a8e6c9adcf4f83ff0c185392e79) Importer(815301076,1909f56bfc062723c751e8b465ee728b)
Start importing Assets/Arts/SM/SM_MayMay_CB_001.fbx using Guid(514b9a8e6c9adcf4f83ff0c185392e79) Importer(815301076,1909f56bfc062723c751e8b465ee728b) (PreviewImporter) -> (artifact id: '91dba42bc3e91a5f1b0eebde99b60d3f') in 0.0147477 seconds
Number of updated asset objects reloaded before import = 0Number of asset objects unloaded after import = 8

========================================================================
Received Import Request.
  Time since last request: 1.671679 seconds.
  path: Assets/Arts/SM/SM_MayMay_CB_001.fbx
  artifactKey: Guid(514b9a8e6c9adcf4f83ff0c185392e79) Importer(2089858483,b0f066a214c2f5e87bad3c948f4d605d)
Start importing Assets/Arts/SM/SM_MayMay_CB_001.fbx using Guid(514b9a8e6c9adcf4f83ff0c185392e79) Importer(2089858483,b0f066a214c2f5e87bad3c948f4d605d) (ScriptedImporter) -> (artifact id: '5a23e7c468903aa21e04048ad2776861') in 0.009285 seconds
Number of updated asset objects reloaded before import = 1Number of asset objects unloaded after import = 8

========================================================================
Received Import Request.
  Time since last request: 0.000040 seconds.
  path: Assets/Arts/Scenes/XuongMay.unity
  artifactKey: Guid(fc5b67cb225e25e46b51e0f415eaa1ab) Importer(2089858483,b0f066a214c2f5e87bad3c948f4d605d)
Start importing Assets/Arts/Scenes/XuongMay.unity using Guid(fc5b67cb225e25e46b51e0f415eaa1ab) Importer(2089858483,b0f066a214c2f5e87bad3c948f4d605d) (ScriptedImporter) -> (artifact id: '6c5749fdb81608a1472ad49cadfb47e5') in 0.0070096 seconds
Number of updated asset objects reloaded before import = 0Number of asset objects unloaded after import = 1

========================================================================
Received Import Request.
  Time since last request: 57.285108 seconds.
  path: Assets/Arts/MAT/MAT_MayMay.mat
  artifactKey: Guid(6b3dd4ec6317bb140919d7d3c2db266a) Importer(2089858483,b0f066a214c2f5e87bad3c948f4d605d)
Start importing Assets/Arts/MAT/MAT_MayMay.mat using Guid(6b3dd4ec6317bb140919d7d3c2db266a) Importer(2089858483,b0f066a214c2f5e87bad3c948f4d605d) (ScriptedImporter) -> (artifact id: '8322d3dd2a6b49ecb2e694dc31bf5763') in 0.0040154 seconds
Number of updated asset objects reloaded before import = 0Number of asset objects unloaded after import = 1

========================================================================
Received Import Request.
  Time since last request: 4036.508461 seconds.
  path: Assets/Arts/Tex/Map2/Ter_Dirt.terrainlayer
  artifactKey: Guid(fb3e8eea4cd91c94990bb6f7a4c6362a) Importer(815301076,1909f56bfc062723c751e8b465ee728b)
Start importing Assets/Arts/Tex/Map2/Ter_Dirt.terrainlayer using Guid(fb3e8eea4cd91c94990bb6f7a4c6362a) Importer(815301076,1909f56bfc062723c751e8b465ee728b) (PreviewImporter) -> (artifact id: 'f4c62679e4ca1604eb5c3178048eacf6') in 0.1870285 seconds
Number of updated asset objects reloaded before import = 0Number of asset objects unloaded after import = 4

========================================================================
Received Import Request.
  Time since last request: 0.590069 seconds.
  path: Assets/Arts/MAT/MAT_MayMay.mat
  artifactKey: Guid(6b3dd4ec6317bb140919d7d3c2db266a) Importer(2089858483,b0f066a214c2f5e87bad3c948f4d605d)
Start importing Assets/Arts/MAT/MAT_MayMay.mat using Guid(6b3dd4ec6317bb140919d7d3c2db266a) Importer(2089858483,b0f066a214c2f5e87bad3c948f4d605d) (ScriptedImporter) -> (artifact id: '6c35560734064908bc36c5a11defdbfe') in 0.0243127 seconds
Number of updated asset objects reloaded before import = 0Number of asset objects unloaded after import = 1

